main.c:118:5:main	32	static
main.c:565:6:SystemClock_Config	88	static
main.c:610:13:MX_ADC1_Init	56	static
main.c:676:13:MX_SPI3_Init	8	static
main.c:714:13:MX_TIM3_Init	32	static
main.c:759:13:MX_TIM11_Init	8	static
main.c:790:13:MX_USART2_UART_Init	8	static
main.c:821:13:MX_DMA_Init	16	static
main.c:839:13:MX_GPIO_Init	48	static
main.c:891:9:UARTRecieveIT	16	static
main.c:902:6:MCP4922SetOutput	24	static
main.c:909:6:HAL_SPI_TxCpltCallback	16	static
main.c:917:6:HAL_TIM_PeriodElapsedCallback	24	static
main.c:925:17:micros	12	static
main.c:935:6:Error_Handler	4	static,ignoring_inline_asm
